.next/dev/types/validator.ts(125,39): error TS2307: Cannot find module '../../../app/api/auth/send-otp/route.js' or its corresponding type declarations.
.next/types/validator.ts(125,39): error TS2307: Cannot find module '../../app/api/auth/send-otp/route.js' or its corresponding type declarations.
app/api/appointments/route.ts(4,36): error TS2307: Cannot find module '@supabase/ssr' or its corresponding type declarations.
app/api/appointments/route.ts(74,32): error TS2339: Property 'get' does not exist on type 'Promise<ReadonlyRequestCookies>'.
components/booking-system.tsx(445,70): error TS2339: Property 'phone' does not exist on type 'AuthUser'.
context/auth-context.tsx(105,73): error TS7006: Parameter 'event' implicitly has an 'any' type.
lib/supabase-browser.ts(1,37): error TS2307: Cannot find module '@supabase/ssr' or its corresponding type declarations.
